// Jest Snapshot v1, https://goo.gl/fbAQLP

exports[`Login error page Renders entire page 1`] = `
<div
  className="StyledGrommet-sc-19lkkz7-0 hjInHh"
>
  <header
    className="StyledBox-sc-13pk1d4-0 gpGtYH"
    display="flex"
  >
    <h1
      className="StyledHeading-sc-1rdh4aw-0 elclaf"
    >
      Binge
    </h1>
    <div
      className="StyledBox__StyledBoxGap-sc-13pk1d4-1 itCgil"
    />
    <div
      alignself="end"
    >
      <div
        className="StyledBox-sc-13pk1d4-0 wrGSV"
      />
    </div>
  </header>
  <div
    className="StyledBox-sc-13pk1d4-0 hHCfST"
  >
    <div
      className="jsx-3811088590 container"
    >
      <div
        className="StyledBox-sc-13pk1d4-0 bYujHw"
      >
        <img
          className="StyledImage-sc-ey4zx9-0 fOsWNE"
          onLoad={[Function]}
          src="https://media.istockphoto.com/vectors/cartoon-cute-burger-icon-isolated-on-white-background-vector-id1142855781?k=20&m=1142855781&s=170667a&w=0&h=rBuRzFRXoS9jcc1FRL-rSexSP97wNsxhzJ-feGTeuJ4="
        />
      </div>
      <span
        className="StyledText-sc-1sadyjn-0 flpFwE"
      >
        You must log in.
      </span>
      <div
        className="StyledBox-sc-13pk1d4-0 gXhMXE"
      >
        <a
          className="StyledButton-sc-323bzc-0 emnQnE"
          data-testid="login-error-msg-btn"
          href="/login"
          onBlur={[Function]}
          onFocus={[Function]}
          onMouseOut={[Function]}
          onMouseOver={[Function]}
        >
          Log In
        </a>
      </div>
    </div>
  </div>
</div>
`;
